<html>
  <head></head>
  <body></body>
  <script>
(function() {
    async function pingServer() {
        try {
            return (await fetch('/http4k/ping')).ok;
        } catch (e) {
            return false;
        }
    }

    async function waitForServer() {
        while (!(await pingServer())) {
            await new Promise(resolve =&gt; setTimeout(resolve, 500));
        }
    }

    function connect() {
        const es = new EventSource('/foo');
        
        es.onmessage = function(event) {
            es.close();
            handleReconnect();
        };

        es.onerror = function(error) {
            es.close();
            handleReconnect();
        };
        
        es.onclose = function(error) {
            handleReconnect();
        };
    }

    async function handleReconnect() {
        await waitForServer();
        connect();
        window.location.reload();
    }

    connect();
})();
</script>
</html>