sequenceDiagram
    participant wiretap
    participant frontend
    participant backend
    participant database
    wiretap->>frontend: GET /
    frontend->>backend: GET /api
    backend-->>frontend: 200 (100ms)
    backend->>database: SELECT
    database-->>backend: 200 (60ms)
    frontend-->>wiretap: OK (300ms)