{
  "tools": {
    "listChanged": true
  },
  "prompts": {
    "listChanged": true
  },
  "resources": {
    "subscribe": true,
    "listChanged": false
  },
  "completions": {
  },
  "logging": {
  },
  "experimental": {
  },
  "tasks": {
    "list": {
    },
    "cancel": {
    },
    "requests": {
      "tools": {
        "call": {
        }
      }
    }
  },
  "extensions": {
    "io.modelcontextprotocol/ui": {
      "mimeTypes": [
        "text/html;profile=mcp-app"
      ]
    }
  }
}