
(([cyan]method == GET[cyan] and [cyan]template == 'a'[cyan])
 or 
  (([cyan]method == GET[cyan] and [cyan]template == 'b/c/d'[cyan])
   or 
    (([cyan]method == GET[cyan] and [cyan]template == 'b/c/e/f'[cyan])
     or 
      (([cyan]method == GET[cyan] and [cyan]template == 'b/c/e/g'[cyan])
       or ([cyan]method == POST[cyan] and [cyan]template == 'b/c/e/g'[cyan])))
   or ([cyan]method == GET[cyan] and [cyan]template == 'b/c'[cyan])))