>>>TitleClient.kt

package testPackage.client

import kotlin.Int
import org.http4k.core.HttpHandler
import org.http4k.core.Method
import org.http4k.core.Request
import org.http4k.lens.FormField
import org.http4k.lens.int

class TitleClient(
	private val httpHandler: HttpHandler
) {
	fun endpoint(value: Int?) {

		val valueLens = FormField.int().optional("value")
		val httpReq = Request(Method.POST, "/formbody")

		httpHandler(httpReq)
	}
}
