>>>TitleClient.kt

package testPackage.client

import EndpointXwwwformurlencodedRequest
import org.http4k.core.Body
import org.http4k.core.HttpHandler
import org.http4k.core.Method
import org.http4k.core.Request
import org.http4k.core.with
import org.http4k.format.Jackson.auto

class TitleClient(
	private val httpHandler: HttpHandler
) {
	fun endpoint(request: EndpointXwwwformurlencodedRequest) {

		val endpointXwwwformurlencodedRequestLens =
				Body.auto<EndpointXwwwformurlencodedRequest>().toLens()
		val request = Request(Method.POST, "/formbody")
			.with(endpointXwwwformurlencodedRequest of request)

		httpHandler(request)
	}
}
