>>>TitleClient.kt

package testPackage.client

import java.math.BigDecimal
import kotlin.collections.List
import org.http4k.core.Body
import org.http4k.core.HttpHandler
import org.http4k.core.Method
import org.http4k.core.Request
import org.http4k.core.with
import org.http4k.format.Jackson.auto

class TitleClient(
	private val httpHandler: HttpHandler
) {
	fun endpoint(request: List<BigDecimal>) {

		val endpointJsonRequestLens = Body.auto<List<BigDecimal>>().toLens()
		val httpReq = Request(Method.POST, "/jsonbody")
			.with(endpointJsonRequestLens of request)

		httpHandler(httpReq)
	}
}
