>>>TitleClient.kt

package testPackage.client

import org.http4k.core.Body
import org.http4k.core.HttpHandler
import org.http4k.core.Method
import org.http4k.core.Request
import org.http4k.format.Jackson.auto
import testPackage.model.EndpointJsonResponse200

class TitleClient(
	private val httpHandler: HttpHandler
) {
	/**
	 * Response:
	 * 	200 OK
	 */
	fun endpoint(): EndpointJsonResponse200 {

		val endpointJsonResponse200Lens = Body.auto<EndpointJsonResponse200>().toLens()
		val httpReq = Request(Method.POST, "/jsonbody")
		return endpointJsonResponse200Lens(httpHandler(httpReq))
	}
}
