{"records":[{"key":"foo","value":{"localDate":0.0,"localTime":0.0,"instant":0.0,"localDateTime":0.0}}],"value_schema":"{\"type\":\"record\",\"name\":\"RandomEvent\",\"namespace\":\"http4k\",\"doc\":\"Random event\",\"fields\":[{\"name\":\"localDate\",\"type\":{\"type\":\"int\",\"logicalType\":\"date\"}},{\"name\":\"localTime\",\"type\":{\"type\":\"int\",\"logicalType\":\"time-millis\"}},{\"name\":\"instant\",\"type\":{\"type\":\"long\",\"logicalType\":\"timestamp-millis\"}},{\"name\":\"localDateTime\",\"type\":{\"type\":\"long\",\"logicalType\":\"local-timestamp-millis\"}}]}"}