>>>Endpoint.kt

package testPackage.server.endpoints

import org.http4k.core.Method
import org.http4k.core.Request
import org.http4k.core.Response
import org.http4k.core.Status
import org.http4k.lens.Cookies
import org.http4k.routing.RoutingHttpHandler
import org.http4k.routing.bind

fun Endpoint(): RoutingHttpHandler {

	val requiredLens = Cookies.required("required")
	val optionalLens = Cookies.optional("optional")

	return "/cookie" bind Method.POST to { req: Request ->
		Response(Status.OK)
	}
}

>>>TitleServer.kt

package testPackage.server

import org.http4k.routing.routes
import org.http4k.server.asServer
import testPackage.server.endpoints.Endpoint

object TitleServer {
	operator fun invoke() = routes(
		Endpoint()
	)
}

fun main() {
	TitleServer().asServer(SunHttp(8000)).start()
}
