{"Records":[{"eventID":"id","eventName":"MODIFY","eventVersion":"version","eventSource":"source","awsRegion":"us-east-1","dynamodb":{"Keys":{"theBool":{"BOOL":true}},"NewImage":{"theInt":{"N":"123"}},"OldImage":{"theString":{"S":"hello"}},"SequenceNumber":"123","SizeBytes":123,"StreamViewType":"NEW_AND_OLD_IMAGES"},"eventSourceARN":"arn:aws:sts:us-east-1:000000000001:role:myrole"}]}