{
  "node": {
    "$ref": "#/customPrefix/org.http4k.contract.jsonschema.v3.MapHolder"
  },
  "definitions": [
    {
      "first": "org.http4k.contract.jsonschema.v3.MapHolder",
      "second": {
        "properties": {
          "value": {
            "additionalProperties": {
              "properties": {
                "value1": {
                  "example": "value",
                  "type": "string"
                },
                "1970-01-01": {
                  "example": "value",
                  "type": "string"
                }
              },
              "example": {
                "value1": "value",
                "1970-01-01": "value"
              },
              "type": "object"
            },
            "type": "object"
          }
        },
        "example": {
          "value": {
            "value1": "value",
            "1970-01-01": "value"
          }
        },
        "type": "object",
        "required": [
          "value"
        ]
      }
    }
  ]
}