{
  "node": {
    "$ref": "#/customPrefix/org.http4k.contract.jsonschema.v3.JsonPrimitives"
  },
  "definitions": [
    {
      "first": "org.http4k.contract.jsonschema.v3.JsonPrimitives",
      "second": {
        "properties": {
          "string": {
            "example": "string",
            "type": "string"
          },
          "boolean": {
            "example": false,
            "type": "boolean"
          },
          "int": {
            "example": 2147483647,
            "format": "int32",
            "type": "integer"
          },
          "long": {
            "example": -9223372036854775808,
            "format": "int64",
            "type": "integer"
          },
          "double": {
            "example": 9.9999999999,
            "format": "double",
            "type": "number"
          },
          "float": {
            "example": -10.0,
            "format": "float",
            "type": "number"
          },
          "bigInt": {
            "example": 92233720368547758079223372036854775807,
            "type": "integer"
          },
          "bigDecimal": {
            "example": 1.7976931348623157E+308111,
            "type": "number"
          }
        },
        "example": {
          "string": "string",
          "boolean": false,
          "int": 2147483647,
          "long": -9223372036854775808,
          "double": 9.9999999999,
          "float": -10.0,
          "bigInt": 92233720368547758079223372036854775807,
          "bigDecimal": 1.7976931348623157E+308111
        },
        "type": "object",
        "required": [
          "bigDecimal",
          "bigInt",
          "boolean",
          "double",
          "float",
          "int",
          "long",
          "string"
        ]
      }
    }
  ]
}