{
  "node": {
    "$ref": "#/locationPrefix/org.http4k.contract.jsonschema.v3.JacksonFieldAnnotated",
    "example": null,
    "format": null
  },
  "definitions": [
    {
      "first": "org.http4k.contract.jsonschema.v3.JacksonFieldAnnotated",
      "second": {
        "properties": {
          "OTHERNAME": {
            "example": "foobar",
            "format": null,
            "type": "string",
            "nullable": false
          }
        },
        "example": {
          "OTHERNAME": "foobar"
        },
        "format": null,
        "type": "object",
        "required": [
          "OTHERNAME"
        ]
      }
    }
  ]
}