{
  "node": {
    "$ref": "#/locationPrefix/prefixorg.http4k.contract.jsonschema.v3.ArbObjectWithInnerClasses"
  },
  "definitions": [
    {
      "first": "prefixorg.http4k.contract.jsonschema.v3.ArbObjectWithInnerClasses",
      "second": {
        "properties": {
          "inner": {
            "$ref": "#/locationPrefix/prefixorg.http4k.contract.jsonschema.v3.ArbObjectWithInnerClasses.Inner"
          },
          "enum": {
            "$ref": "#/locationPrefix/prefixorg.http4k.contract.jsonschema.v3.ArbObjectWithInnerClasses.FooEnum"
          }
        },
        "example": {
          "inner": {
            "name": "name"
          },
          "enum": "bar"
        },
        "type": "object",
        "required": [
          "enum",
          "inner"
        ]
      }
    },
    {
      "first": "prefixorg.http4k.contract.jsonschema.v3.ArbObjectWithInnerClasses.Inner",
      "second": {
        "properties": {
          "name": {
            "example": "name",
            "type": "string",
            "nullable": false
          }
        },
        "example": {
          "name": "name"
        },
        "type": "object",
        "required": [
          "name"
        ]
      }
    },
    {
      "first": "prefixorg.http4k.contract.jsonschema.v3.ArbObjectWithInnerClasses.FooEnum",
      "second": {
        "example": "bar",
        "enum": [
          "bar"
        ],
        "type": "string",
        "nullable": false
      }
    }
  ]
}