{
  "node": {
    "items": {
      "$ref": "#/locationPrefix/org.http4k.contract.jsonschema.v3.Foo"
    },
    "example": [
      "value1",
      "value2"
    ],
    "type": "array",
    "nullable": false
  },
  "definitions": {
    "org.http4k.contract.jsonschema.v3.Foo": {
      "example": "value1",
      "enum": [
        "value1",
        "value2"
      ],
      "type": "string",
      "nullable": false
    }
  }
}