{
  "node": {
    "$ref": "#/locationPrefix/org.http4k.contract.jsonschema.v3.Nulls"
  },
  "definitions": {
    "org.http4k.contract.jsonschema.v3.Nulls": {
      "properties": {
        "f1": {
          "example": "foo",
          "type": [
            "string",
            "null"
          ]
        },
        "f2": {
          "example": "bar",
          "type": [
            "string",
            "null"
          ]
        }
      },
      "example": {
        "f1": "foo",
        "f2": "bar"
      },
      "type": "object"
    }
  }
}