{
  "node": {
    "$ref": "#/locationPrefix/org.http4k.contract.jsonschema.v3.Data4kContainer"
  },
  "definitions": {
    "org.http4k.contract.jsonschema.v3.Data4kContainer": {
      "properties": {
        "anInt": {
          "example": 123,
          "format": "int32",
          "default": 123,
          "exclusiveMinimum": 5,
          "type": "integer"
        },
        "anString": {
          "example": "helloworld",
          "maxLength": 12,
          "type": "string"
        }
      },
      "example": {
        "anInt": 123,
        "anString": "helloworld"
      },
      "type": "object",
      "required": [
        "anInt",
        "anString"
      ]
    }
  }
}