{
  "node": {
    "$ref": "#/locationPrefix/org.http4k.contract.jsonschema.v3.RecursiveObject"
  },
  "definitions": {
    "org.http4k.contract.jsonschema.v3.RecursiveObject": {
      "properties": {
        "children": {
          "items": {
            "$ref": "#/locationPrefix/org.http4k.contract.jsonschema.v3.RecursiveObject"
          },
          "example": [
            {
              "children": [
              ]
            }
          ],
          "type": "array",
          "nullable": false
        }
      },
      "example": {
        "children": [
          {
            "children": [
            ]
          }
        ]
      },
      "type": "object",
      "required": [
        "children"
      ]
    }
  }
}