{
  "node": {
    "$ref": "#/locationPrefix/prefixorg.http4k.contract.jsonschema.v3.ArbObjectWithInnerClasses"
  },
  "definitions": {
    "prefixorg.http4k.contract.jsonschema.v3.ArbObjectWithInnerClasses": {
      "properties": {
        "inner": {
          "$ref": "#/locationPrefix/prefixorg.http4k.contract.jsonschema.v3.ArbObjectWithInnerClasses.Inner"
        },
        "enum": {
          "$ref": "#/locationPrefix/prefixorg.http4k.contract.jsonschema.v3.ArbObjectWithInnerClasses.FooEnum"
        }
      },
      "example": {
        "inner": {
          "name": "name"
        },
        "enum": "bar"
      },
      "type": "object",
      "required": [
        "enum",
        "inner"
      ]
    },
    "prefixorg.http4k.contract.jsonschema.v3.ArbObjectWithInnerClasses.Inner": {
      "properties": {
        "name": {
          "example": "name",
          "type": "string",
          "nullable": false
        }
      },
      "example": {
        "name": "name"
      },
      "type": "object",
      "required": [
        "name"
      ]
    },
    "prefixorg.http4k.contract.jsonschema.v3.ArbObjectWithInnerClasses.FooEnum": {
      "example": "bar",
      "enum": [
        "bar"
      ],
      "type": "string",
      "nullable": false
    }
  }
}