{
  "node": {
    "$ref": "#/locationPrefix/org.http4k.contract.jsonschema.v3.EnumListHolder"
  },
  "definitions": {
    "org.http4k.contract.jsonschema.v3.EnumListHolder": {
      "properties": {
        "value": {
          "items": {
            "$ref": "#/locationPrefix/org.http4k.contract.jsonschema.v3.Foo"
          },
          "example": [
            "value1",
            "value2"
          ],
          "type": "array",
          "nullable": false
        }
      },
      "example": {
        "value": [
          "value1",
          "value2"
        ]
      },
      "type": "object",
      "required": [
        "value"
      ]
    },
    "org.http4k.contract.jsonschema.v3.Foo": {
      "example": "value1",
      "enum": [
        "value1",
        "value2"
      ],
      "type": "string",
      "nullable": false
    }
  }
}