{
  "result": {
    "taskId": "786512e2-9e0d-44bd-8f29-789f320fe840",
    "status": "failed",
    "createdAt": "2025-11-25T10:30:00Z",
    "lastUpdatedAt": "2025-11-25T10:50:00Z",
    "error": {
      "code": -32603,
      "message": "Internal error"
    },
    "resultType": "complete",
    "_meta": {
    }
  },
  "id": 8,
  "jsonrpc": "2.0"
}