{
  "swagger": "2.0",
  "info": {
    "title": "title",
    "version": "1.2",
    "description": "module description"
  },
  "basePath": "/",
  "tags": [
    {
      "name": "tag1"
    },
    {
      "name": "tag3"
    }
  ],
  "paths": {
    "/basepath/nometa": {
      "get": {
        "tags": [
          "/basepath"
        ],
        "summary": "<unknown>",
        "produces": [
        ],
        "consumes": [
        ],
        "parameters": [
        ],
        "responses": {
        },
        "security": [
          {
            "api_key": [
            ]
          }
        ]
      }
    },
    "/basepath/descriptions": {
      "get": {
        "tags": [
          "tag1",
          "tag3"
        ],
        "summary": "endpoint",
        "operationId": "echoMessage",
        "produces": [
        ],
        "consumes": [
        ],
        "parameters": [
        ],
        "responses": {
        },
        "security": [
          {
            "api_key": [
            ]
          }
        ],
        "description": "some rambling description of what this thing actually does"
      }
    },
    "/basepath/paths/{firstName}/bertrand/{age}": {
      "post": {
        "tags": [
          "/basepath"
        ],
        "summary": "<unknown>",
        "produces": [
        ],
        "consumes": [
        ],
        "parameters": [
          {
            "in": "path",
            "name": "firstName",
            "required": true,
            "type": "string"
          },
          {
            "in": "path",
            "name": "age",
            "required": true,
            "type": "boolean"
          }
        ],
        "responses": {
        },
        "security": [
          {
            "api_key": [
            ]
          }
        ]
      }
    },
    "/basepath/queries": {
      "post": {
        "tags": [
          "/basepath"
        ],
        "summary": "<unknown>",
        "produces": [
        ],
        "consumes": [
        ],
        "parameters": [
          {
            "in": "query",
            "name": "b",
            "required": true,
            "type": "boolean",
            "description": "booleanQuery"
          },
          {
            "in": "query",
            "name": "s",
            "required": false,
            "type": "string",
            "description": "stringQuery"
          },
          {
            "in": "query",
            "name": "i",
            "required": false,
            "type": "integer",
            "description": "intQuery"
          },
          {
            "in": "query",
            "name": "j",
            "required": false,
            "type": "string",
            "description": "jsonQuery"
          }
        ],
        "responses": {
        },
        "security": [
          {
            "api_key": [
            ]
          }
        ]
      }
    },
    "/basepath/headers": {
      "post": {
        "tags": [
          "/basepath"
        ],
        "summary": "<unknown>",
        "produces": [
        ],
        "consumes": [
        ],
        "parameters": [
          {
            "in": "header",
            "name": "b",
            "required": true,
            "type": "boolean",
            "description": "booleanHeader"
          },
          {
            "in": "header",
            "name": "s",
            "required": false,
            "type": "string",
            "description": "stringHeader"
          },
          {
            "in": "header",
            "name": "i",
            "required": false,
            "type": "integer",
            "description": "intHeader"
          },
          {
            "in": "header",
            "name": "j",
            "required": false,
            "type": "string",
            "description": "jsonHeader"
          }
        ],
        "responses": {
        },
        "security": [
          {
            "api_key": [
            ]
          }
        ]
      }
    },
    "/basepath/body_string": {
      "post": {
        "tags": [
          "/basepath"
        ],
        "summary": "<unknown>",
        "produces": [
        ],
        "consumes": [
          "text/plain"
        ],
        "parameters": [
          {
            "in": "body",
            "name": "body",
            "required": true,
            "schema": {
              "type": "string"
            }
          }
        ],
        "responses": {
        },
        "security": [
          {
            "api_key": [
            ]
          }
        ]
      }
    },
    "/basepath/body_json_noschema": {
      "post": {
        "tags": [
          "/basepath"
        ],
        "summary": "<unknown>",
        "produces": [
        ],
        "consumes": [
          "application/json"
        ],
        "parameters": [
          {
            "in": "body",
            "name": "body",
            "required": true,
            "schema": {
              "type": "object"
            },
            "description": "json"
          }
        ],
        "responses": {
        },
        "security": [
          {
            "api_key": [
            ]
          }
        ]
      }
    },
    "/basepath/body_json_schema": {
      "post": {
        "tags": [
          "/basepath"
        ],
        "summary": "<unknown>",
        "produces": [
        ],
        "consumes": [
          "application/json"
        ],
        "parameters": [
          {
            "in": "body",
            "name": "body",
            "required": true,
            "schema": {
              "$ref": "#/definitions/someDefinitionId"
            },
            "description": "json"
          }
        ],
        "responses": {
        },
        "security": [
          {
            "api_key": [
            ]
          }
        ]
      }
    },
    "/basepath/security": {
      "post": {
        "tags": [
          "/basepath"
        ],
        "summary": "<unknown>",
        "produces": [
        ],
        "consumes": [
        ],
        "parameters": [
        ],
        "responses": {
        },
        "security": [
          {
            "basicAuth": [
            ]
          }
        ]
      }
    },
    "/basepath/body_form": {
      "post": {
        "tags": [
          "/basepath"
        ],
        "summary": "<unknown>",
        "produces": [
        ],
        "consumes": [
          "application/x-www-form-urlencoded"
        ],
        "parameters": [
          {
            "in": "formData",
            "name": "b",
            "required": true,
            "type": "boolean",
            "description": "booleanField"
          },
          {
            "in": "formData",
            "name": "i",
            "required": false,
            "type": "integer",
            "description": "intField"
          },
          {
            "in": "formData",
            "name": "s",
            "required": false,
            "type": "string",
            "description": "stringField"
          },
          {
            "in": "formData",
            "name": "j",
            "required": true,
            "type": "string",
            "description": "jsonField"
          }
        ],
        "responses": {
        },
        "security": [
          {
            "api_key": [
            ]
          }
        ]
      }
    },
    "/basepath/produces_and_consumes": {
      "get": {
        "tags": [
          "/basepath"
        ],
        "summary": "<unknown>",
        "produces": [
          "application/json",
          "application/xml"
        ],
        "consumes": [
          "application/octet-stream",
          "application/x-www-form-urlencoded"
        ],
        "parameters": [
        ],
        "responses": {
        },
        "security": [
          {
            "api_key": [
            ]
          }
        ]
      }
    },
    "/basepath/returning": {
      "post": {
        "tags": [
          "/basepath"
        ],
        "summary": "<unknown>",
        "produces": [
          "application/json"
        ],
        "consumes": [
        ],
        "parameters": [
        ],
        "responses": {
          "403": {
            "description": "no way jose",
            "schema": {
              "$ref": "#/definitions/object-1662053258"
            }
          }
        },
        "security": [
          {
            "api_key": [
            ]
          }
        ]
      }
    }
  },
  "securityDefinitions": {
    "api_key": {
      "type": "apiKey",
      "in": "query",
      "name": "the_api_key"
    }
  },
  "definitions": {
    "object-1662053258": {
      "type": "object",
      "properties": {
        "aString": {
          "type": "string",
          "example": "a message of some kind"
        }
      }
    },
    "object1482787387": {
      "type": "object",
      "properties": {
        "aNumberField": {
          "type": "integer",
          "example": 123
        }
      }
    },
    "someDefinitionId": {
      "type": "object",
      "properties": {
        "anAnotherObject": {
          "$ref": "#/definitions/object1482787387"
        }
      }
    }
  }
}