MoshiObject(attributes={list=MoshiArray(elements=[MoshiString(value=123)]), listSubClass=MoshiArray(elements=[MoshiObject(attributes={123=MoshiString(value=123)})]), listValue=MoshiArray(elements=[MoshiString(value=+999999999-12-31), MoshiString(value=-999999999-01-01), MoshiString(value=1970-01-01)]), optionalList=MoshiArray(elements=[MoshiString(value=hello)]), optionalSubClassList=MoshiArray(elements=[MoshiObject(attributes={123=MoshiString(value=123)})]), optionalValueList=MoshiArray(elements=[MoshiInteger(value=123), MoshiInteger(value=456)])})