{
  "node": {
    "type": "array",
    "items": {
      "type": "array",
      "items": {
        "$ref": "#/definitions/bob"
      }
    }
  },
  "definitions": [
    {
      "first": "bob",
      "second": {
        "type": "object",
        "properties": {
          "anotherString": {
            "type": "string",
            "example": "yetAnotherString"
          }
        }
      }
    }
  ]
}