package testPackage.client

import org.http4k.core.HttpHandler
import org.http4k.core.Method
import org.http4k.core.Request
import org.http4k.core.Response

class TitleClient(
	private val httpHandler: HttpHandler
) {
	fun post_body_form(): Response {

		val request = Request(Method.POST, "/body_form")
		return httpHandler(request)
	}
}
