{
  "content" : [ {
    "text" : "{\"log\":{\"version\":\"1.2\",\"creator\":{\"name\":\"http4k-wiretap\",\"version\":\"1.0\"},\"entries\":[{\"startedDateTime\":\"1970-01-01T00:00:00Z\",\"time\":10,\"request\":{\"method\":\"GET\",\"url\":\"/test\",\"httpVersion\":\"HTTP/1.1\",\"headers\":[],\"queryString\":[],\"headersSize\":2,\"bodySize\":0},\"response\":{\"status\":200,\"statusText\":\"OK\",\"httpVersion\":\"HTTP/1.1\",\"headers\":[],\"content\":{\"size\":0,\"mimeType\":\"\",\"text\":\"\"},\"headersSize\":2,\"bodySize\":0},\"timings\":{\"send\":0,\"wait\":10,\"receive\":0}}]}}",
    "annotations" : null
  } ],
  "structuredContent" : null,
  "meta" : {
    "node" : {
      "attributes" : { }
    }
  }
}