{
  "body": "input body",
  "headerParameters": {
    "headerParam": "hp"
  },
  "headers": {
    "accept": "text/html",
    "content-type": "application/json"
  },
  "httpMethod": "POST",
  "isBase64Encoded": true,
  "path": "/test/value",
  "pathParameters": {
    "path": "value"
  },
  "queryString": {
    "query": "value"
  },
  "queryStringParameters": {
    "query": "value"
  },
  "requestContext": {
    "httpMethod": "POST",
    "identity": {
      "secretId": "abcdefg"
    },
    "isBase64Encoded": false,
    "path": "/test/{path}",
    "requestId": "req-1",
    "serviceId": "service-abc",
    "sourceIp": "10.0.0.1",
    "stage": "release"
  },
  "stageVariables": {
    "stage": "release"
  }
}