{
  "node": {
    "type": "array",
    "required": true,
    "items": {
      "schema": {
        "type": "array",
        "required": true,
        "items": {
          "schema": {
            "type": "array",
            "required": true,
            "items": {
              "$ref": "#/components/schemas/urn:jsonschema:org:http4k:util:Simple"
            }
          }
        }
      }
    }
  },
  "definitions": [
    {
      "first": "urn:jsonschema:org:http4k:util:Simple",
      "second": {
        "type": "object",
        "id": "urn:jsonschema:org:http4k:util:Simple",
        "properties": {
          "nested": {
            "type": "array",
            "required": true,
            "items": {
              "type": "object",
              "id": "urn:jsonschema:org:http4k:util:Nested",
              "properties": {
                "int": {
                  "type": "integer",
                  "required": true
                }
              }
            }
          }
        }
      }
    }
  ]
}