{
  "title": "demo",
  "chapters": [
    {
      "title": "demo",
      "frames": [
        {
          "title": "Home",
          "notes": "first load",
          "dom": "PGh0bWw+PC9odG1sPg==",
          "level": "Story"
        }
      ],
      "children": [
        {
          "title": "Login",
          "frames": [
            {
              "title": "Logged in",
              "notes": "",
              "dom": "PGRpdj5pbjwvZGl2Pg==",
              "level": "Story"
            }
          ],
          "children": [
          ]
        }
      ]
    }
  ]
}