all
SPA at /spa/classpath
SPA at /spa/directory
static files at /static/classpath
static files at /static/directory
template=proxy/bar AND host header or uri host = hostA
template=proxy/bar AND host header or uri host = hostB
template=proxy/foo/{any:.*} AND (method == GET AND host header or uri host = hostA)
template=proxy/foo/{any:.*} AND (method == GET AND host header or uri host = hostB)