{
  "node": {
    "bob": {
      "properties": {
        "child": {
          "properties": {
            "uri": {
              "example": "foobar",
              "type": "string"
            }
          },
          "example": {
            "uri": "foobar"
          },
          "required": [
            "uri"
          ]
        },
        "list": {
          "example": [
            {
              "uri": "foobar"
            }
          ],
          "type": "array"
        },
        "nestedList": {
          "example": [
            [
              {
                "uri": "foobar"
              }
            ]
          ],
          "type": "array"
        },
        "nullableChild": {
          "properties": {
            "uri": {
              "example": "foobar",
              "type": "string"
            }
          },
          "example": {
            "uri": "foobar"
          },
          "required": [
            "uri"
          ]
        }
      },
      "example": {
        "child": {
          "uri": "foobar"
        },
        "list": [
          {
            "uri": "foobar"
          }
        ],
        "nestedList": [
          [
            {
              "uri": "foobar"
            }
          ]
        ],
        "nullableChild": {
          "uri": "foobar"
        }
      },
      "required": [
        "child",
        "list",
        "nestedList"
      ]
    }
  },
  "definitions": [
  ]
}