{
  "node": {
    "$ref": "#/components/schema/ArbObject",
    "example": null
  },
  "definitions": [
    {
      "first": "ArbObject",
      "second": {
        "properties": {
          "child": {
            "$ref": "#/components/schema/ArbObject2",
            "example": null
          },
          "list": {
            "items": {
              "oneOf": [
                {
                  "$ref": "#/components/schema/ArbObject2"
                }
              ]
            },
            "example": [
              {
                "uri": "foobar"
              }
            ],
            "type": "array"
          },
          "nestedList": {
            "items": {
              "oneOf": [
                {
                  "$ref": "#/components/schema/SingletonList"
                }
              ]
            },
            "example": [
              [
                {
                  "uri": "foobar"
                }
              ]
            ],
            "type": "array"
          },
          "nullableChild": {
            "$ref": "#/components/schema/ArbObject2",
            "example": null
          },
          "stringList": {
            "items": {
              "oneOf": [
                {
                  "$ref": "#/components/schema/String"
                }
              ]
            },
            "example": [
              "hello"
            ],
            "type": "array"
          }
        },
        "example": {
          "child": {
            "uri": "foobar"
          },
          "list": [
            {
              "uri": "foobar"
            }
          ],
          "nestedList": [
            [
              {
                "uri": "foobar"
              }
            ]
          ],
          "nullableChild": {
            "uri": "foobar"
          },
          "stringList": [
            "hello"
          ]
        },
        "type": "object",
        "required": [
          "child",
          "list",
          "nestedList",
          "nullableChild",
          "stringList"
        ]
      }
    },
    {
      "first": "ArbObject2",
      "second": {
        "properties": {
          "uri": {
            "example": "foobar",
            "type": "string"
          }
        },
        "example": {
          "uri": "foobar"
        },
        "type": "object",
        "required": [
          "uri"
        ]
      }
    },
    {
      "first": "SingletonList",
      "second": {
        "properties": {
        },
        "example": [
          {
            "uri": "foobar"
          }
        ],
        "type": "object",
        "required": [
        ]
      }
    },
    {
      "first": "String",
      "second": {
        "properties": {
        },
        "example": "hello",
        "type": "object",
        "required": [
        ]
      }
    }
  ]
}