{
  "title": "records snapshots(RecordingWebDriver)",
  "frames": [
    {
      "title": "Click1",
      "notes": "notes1",
      "dom": "PGh0bWw+PGhlYWQ+PHRpdGxlPi8xPC90aXRsZT48L2hlYWQ+PGJvZHk+cGFnZTwvYm9keT48L2h0bWw+",
      "kind": "Manual"
    },
    {
      "title": "Click2",
      "notes": "notes2",
      "dom": "PGh0bWw+PGhlYWQ+PHRpdGxlPi8yPC90aXRsZT48L2hlYWQ+PGJvZHk+cGFnZTwvYm9keT48L2h0bWw+",
      "kind": "Manual"
    },
    {
      "title": "Click3",
      "notes": "notes3",
      "dom": "PGh0bWw+PGhlYWQ+PHRpdGxlPi8zPC90aXRsZT48L2hlYWQ+PGJvZHk+cGFnZTwvYm9keT48L2h0bWw+",
      "kind": "Manual"
    },
    {
      "title": "Click4",
      "notes": "notes4",
      "dom": "PGh0bWw+PGhlYWQ+PHRpdGxlPi80PC90aXRsZT48L2hlYWQ+PGJvZHk+cGFnZTwvYm9keT48L2h0bWw+",
      "kind": "Manual"
    },
    {
      "title": "Click5",
      "notes": "notes5",
      "dom": "PGh0bWw+PGhlYWQ+PHRpdGxlPi81PC90aXRsZT48L2hlYWQ+PGJvZHk+cGFnZTwvYm9keT48L2h0bWw+",
      "kind": "Manual"
    }
  ]
}