{
  "node": {
    "items": {
      "oneOf": [
        {
          "$ref": "#/customPrefix/org.http4k.contract.openapi.v3.Enum1"
        },
        {
          "$ref": "#/customPrefix/org.http4k.contract.openapi.v3.Enum2"
        }
      ]
    },
    "example": [
      "value",
      "value"
    ],
    "type": "array"
  },
  "definitions": [
    {
      "first": "org.http4k.contract.openapi.v3.Enum1",
      "second": {
        "example": "value",
        "enum": [
          "value"
        ],
        "type": "string"
      }
    },
    {
      "first": "org.http4k.contract.openapi.v3.Enum2",
      "second": {
        "example": "value",
        "enum": [
          "value"
        ],
        "type": "string"
      }
    }
  ]
}