{
  "node": {
    "$ref": "#/customPrefix/org.http4k.contract.openapi.v3.JacksonFieldWithMetadata",
    "example": null,
    "description": null
  },
  "definitions": [
    {
      "first": "org.http4k.contract.openapi.v3.JacksonFieldWithMetadata",
      "second": {
        "properties": {
          "field1": {
            "example": "field1",
            "description": "Field 1 description",
            "type": "string"
          },
          "field2": {
            "example": "field2",
            "description": null,
            "type": "string"
          }
        },
        "example": {
          "field1": "field1",
          "field2": "field2"
        },
        "description": null,
        "type": "object",
        "required": [
          "field1",
          "field2"
        ]
      }
    }
  ]
}