{
  "node": {
    "type": "array",
    "items": {
      "$ref": "#/components/schema/bob"
    }
  },
  "definitions": [
    {
      "first": "bob",
      "second": {
        "type": "object",
        "required": [
        ],
        "properties": {
          "anotherString": {
            "type": "string",
            "example": "yetAnotherString"
          }
        }
      }
    }
  ]
}