{
  "model": "claude-opus-5",
  "messages": [
    {
      "role": "assistant",
      "content": [
        {
          "type": "tool_use",
          "name": "tool",
          "id": "toolu_1",
          "input": {
            "foo": 123
          },
          "caller": {
            "type": "direct"
          }
        }
      ]
    },
    {
      "role": "user",
      "content": [
        {
          "type": "document",
          "source": {
            "type": "url",
            "url": "https://example.com/report.pdf"
          },
          "title": "Q4 report",
          "citations": {
            "enabled": true
          }
        },
        {
          "type": "image",
          "source": {
            "type": "url",
            "url": "https://example.com/dog.png"
          }
        },
        {
          "type": "tool_result",
          "tool_use_id": "toolu_1",
          "content": [
            {
              "type": "text",
              "text": "no such city"
            }
          ],
          "is_error": true
        }
      ]
    }
  ],
  "max_tokens": 10,
  "stop_sequences": [
  ],
  "system": [
    {
      "type": "text",
      "text": "you are a helpful bot",
      "cache_control": {
        "ttl": "1h",
        "type": "ephemeral"
      }
    }
  ],
  "tools": [
  ],
  "cache_control": {
    "type": "ephemeral"
  },
  "output_config": {
    "effort": "high",
    "format": {
      "schema": {
        "type": "object"
      },
      "type": "json_schema"
    }
  },
  "stream": false
}
