{
  "content" : [ {
    "text" : "{\"inboundActive\":false,\"inboundDescription\":\"Wait\",\"outboundActive\":false,\"outboundDescription\":\"Wait\"}",
    "annotations" : null
  } ],
  "structuredContent" : null,
  "meta" : {
    "progressToken" : null,
    "relatedTask" : null,
    "ui" : null,
    "traceparent" : null,
    "tracestate" : null,
    "baggage" : null
  }
}