#foobar

## foobar - Maximum Trace Depth

| Origin | Target | Request |  Max Depth  |
|:------:|:------:|:-------:|:-----------:|
|	user 1	|	system b	|	init 1 req	|	3	|
|	user 2	|	system d	|	init 2 req	|	2	|


## foobar - Trace Step Counts

| Origin | Target | Request |  Steps  |
|:------:|:------:|:-------:|:-------:|
|	user 1	|	system b	|	init 1 req	|	5	|
|	user 2	|	system d	|	init 2 req	|	2	|

```mermaid
sequenceDiagram
    title foobar - Sequence
    actor user 1
	actor user 2
	participant system b
	participant system c
	participant system d
	participant events
	participant db
	participant external

    user 1->>system b: init 1 req
    activate system b
    
    user 1-)events: event a
    
    
	
    system b->>system c: b-to-c req
    activate system c
    
    system b->>db: bidi-b req-resp
    
    db->>system b: 
    
	
    system c->>external: c-to-external req
    activate external
    
    external->>system c: c-to-external resp
    deactivate external
    
    system c->>system b: b-to-c resp
    deactivate system c
    
    system b->>user 1: init 2 resp
    deactivate system b
    
	
    user 2->>system d: init 2 req
    activate system d
    
    system d-)events: event d
    
    
    system d->>user 2: init 2 resp
    deactivate system d
    
```

```mermaid
C4Context
title foobar

Person(user1, "user 1")
Person(user2, "user 2")
System(systemb, "system b")
System(systemc, "system c")
System(systemd, "system d")
System(events, "events")
ContainerDb(db, "db")
System(external, "external")    
Rel_D(user1, systemb, " ") 
Rel_D(user1, events, " ") 
Rel_D(systemb, systemc, " ") 
Rel_D(systemb, db, " ") 
Rel_D(systemc, external, " ") 
Rel_D(user2, systemd, " ") 
Rel_D(systemd, events, " ")     
```
